===== explicit backend build 2026-06-01 09:38:15 =====
 Image algotest-backend-app:latest Building 
#1 [internal] load local bake definitions
#1 reading from stdin 575B done
#1 DONE 0.0s

#2 [internal] load build definition from Dockerfile
#2 transferring dockerfile: 515B done
#2 DONE 0.0s

#3 resolve image config for docker-image://docker.io/docker/dockerfile:1
#3 DONE 1.2s

#4 docker-image://docker.io/docker/dockerfile:1@sha256:87999aa3d42bdc6bea60565083ee17e86d1f3339802f543c0d03998580f9cb89
#4 resolve docker.io/docker/dockerfile:1@sha256:87999aa3d42bdc6bea60565083ee17e86d1f3339802f543c0d03998580f9cb89 0.0s done
#4 CACHED

#5 [internal] load metadata for docker.io/library/algo-backend-base:latest
#5 ERROR: pull access denied, repository does not exist or may require authorization: server message: insufficient_scope: authorization failed
------
 > [internal] load metadata for docker.io/library/algo-backend-base:latest:
------
Dockerfile:5

--------------------

   3 |     # Rebuilds in seconds for Python-only changes.

   4 |     # Deps (Rust + pip) live in algo-backend-base — rebuilt by start.sh only when native/ or requirements.txt changes.

   5 | >>> FROM algo-backend-base:latest

   6 |     

   7 |     COPY --chown=appuser:appuser . .

--------------------

failed to solve: pull access denied, repository does not exist or may require authorization: server message: insufficient_scope: authorization failed

