===== finish_setup.sh launched 2026-05-30 18:33:31 =====
[2026-05-30 18:33:31] ############################################################
[2026-05-30 18:33:31] ############################################################
[2026-05-30 18:33:31] Starting finish_setup.sh as root. docker server 29.5.2
[2026-05-30 18:33:31] Starting finish_setup.sh as root. docker server 29.5.2
[2026-05-30 18:33:31] === STEP 1: starting postgres ===
[2026-05-30 18:33:31] === STEP 1: starting postgres ===
 Image postgres:15-bullseye Pulling 
 Image postgres:15-bullseye Error failed to resolve reference "docker.io/library/postgres:15-bullseye": failed to do request: Head "https://registry-1.docker.io/v2/library/postgres/manifests/15-bullseye": tls: failed to verify certificate: x509: certificate signed by unknown authority
Error response from daemon: failed to resolve reference "docker.io/library/postgres:15-bullseye": failed to do request: Head "https://registry-1.docker.io/v2/library/postgres/manifests/15-bullseye": tls: failed to verify certificate: x509: certificate signed by unknown authority
[2026-05-30 18:33:31] Waiting for postgres to accept connections (up to ~5 min)...
[2026-05-30 18:33:31] Waiting for postgres to accept connections (up to ~5 min)...
===== finish_setup.sh RUN 2026-06-01 09:23:41 =====
[2026-06-01 09:23:41] ############################################################
[2026-06-01 09:23:41] ############################################################
[2026-06-01 09:23:41] Starting finish_setup.sh as root. docker server 29.5.2
[2026-06-01 09:23:41] Starting finish_setup.sh as root. docker server 29.5.2
[2026-06-01 09:23:41] === STEP 1: starting postgres ===
[2026-06-01 09:23:41] === STEP 1: starting postgres ===
 Image postgres:15-bullseye Pulling 
 b5aa47e670ee Pulling fs layer 0B
 ccaf924377f9 Pulling fs layer 0B
 68ac837ff0fd Pulling fs layer 0B
 5f670081fa7e Pulling fs layer 0B
 770e7a069d10 Pulling fs layer 0B
 b6fff00c1baa Pulling fs layer 0B
 caa8cd03273b Pulling fs layer 0B
 31ebfac6a7e4 Pulling fs layer 0B
 cf60a58b1fbb Pulling fs layer 0B
 ccbab899da1f Pulling fs layer 0B
 c6f3566d0abd Pulling fs layer 0B
 2dc58dd2649a Pulling fs layer 0B
 d69986eb8045 Pulling fs layer 0B
 2fe3548f753c Pulling fs layer 0B
 707af6064878 Download complete 0B
 68ac837ff0fd Downloading 184B
 b5aa47e670ee Download complete 0B
 68ac837ff0fd Download complete 0B
 c6f3566d0abd Download complete 0B
 2fe3548f753c Download complete 0B
 5f670081fa7e Downloading 1.049MB
 854e1f2545e4 Downloading 1.049MB
 ccbab899da1f Download complete 0B
 b6fff00c1baa Download complete 0B
 5f670081fa7e Downloading 1.049MB
 854e1f2545e4 Downloading 1.049MB
 5f670081fa7e Downloading 1.049MB
 ccaf924377f9 Downloading 1.049MB
 2dc58dd2649a Downloading 1.049MB
 ccaf924377f9 Downloading 1.049MB
 2dc58dd2649a Download complete 0B
 854e1f2545e4 Downloading 1.049MB
 5f670081fa7e Downloading 1.049MB
 854e1f2545e4 Downloading 1.049MB
 5f670081fa7e Downloading 2.097MB
 ccaf924377f9 Downloading 1.049MB
 5f670081fa7e Downloading 2.097MB
 ccaf924377f9 Downloading 1.049MB
 854e1f2545e4 Downloading 2.097MB
 854e1f2545e4 Downloading 2.097MB
 5f670081fa7e Downloading 2.097MB
 cf60a58b1fbb Download complete 0B
 ccaf924377f9 Downloading 2.097MB
 854e1f2545e4 Downloading 2.097MB
 5f670081fa7e Downloading 3.146MB
 ccaf924377f9 Downloading 2.097MB
 854e1f2545e4 Downloading 2.097MB
 5f670081fa7e Downloading 3.146MB
 ccaf924377f9 Downloading 2.097MB
 ccaf924377f9 Downloading 2.097MB
 854e1f2545e4 Downloading 2.097MB
 5f670081fa7e Downloading 3.146MB
 854e1f2545e4 Downloading 2.097MB
 5f670081fa7e Downloading 3.146MB
 ccaf924377f9 Downloading 2.097MB
 854e1f2545e4 Downloading 3.146MB
 5f670081fa7e Downloading 3.146MB
 ccaf924377f9 Downloading 3.146MB
 854e1f2545e4 Downloading 3.146MB
 770e7a069d10 Download complete 0B
 ccaf924377f9 Downloading 3.146MB
 ccaf924377f9 Downloading 3.146MB
 854e1f2545e4 Downloading 3.146MB
 5f670081fa7e Download complete 0B
 854e1f2545e4 Downloading 3.146MB
 ccaf924377f9 Downloading 3.146MB
 caa8cd03273b Download complete 0B
 854e1f2545e4 Downloading 4.194MB
 ccaf924377f9 Downloading 4.194MB
 ccaf924377f9 Downloading 4.194MB
 854e1f2545e4 Downloading 4.194MB
 854e1f2545e4 Downloading 4.194MB
 ccaf924377f9 Downloading 4.194MB
 854e1f2545e4 Downloading 5.243MB
 ccaf924377f9 Downloading 5.243MB
 854e1f2545e4 Downloading 5.243MB
 31ebfac6a7e4 Downloading 1.049MB
 d69986eb8045 Downloading 1.049MB
 ccaf924377f9 Downloading 5.243MB
 854e1f2545e4 Downloading 5.243MB
 31ebfac6a7e4 Downloading 1.049MB
 d69986eb8045 Downloading 1.049MB
 ccaf924377f9 Downloading 5.243MB
 ccaf924377f9 Downloading 5.243MB
 854e1f2545e4 Downloading 5.243MB
 31ebfac6a7e4 Downloading 2.097MB
 d69986eb8045 Downloading 1.049MB
 854e1f2545e4 Download complete 0B
 31ebfac6a7e4 Downloading 2.097MB
 d69986eb8045 Downloading 1.049MB
 ccaf924377f9 Downloading 6.291MB
 31ebfac6a7e4 Downloading 2.097MB
 d69986eb8045 Downloading 1.049MB
 ccaf924377f9 Downloading 6.291MB
 31ebfac6a7e4 Downloading 2.097MB
 d69986eb8045 Downloading 1.049MB
 ccaf924377f9 Downloading 6.291MB
 ccaf924377f9 Downloading 6.291MB
 31ebfac6a7e4 Downloading 3.146MB
 d69986eb8045 Downloading 2.097MB
 d69986eb8045 Downloading 2.097MB
 ccaf924377f9 Downloading 6.291MB
 31ebfac6a7e4 Downloading 3.146MB
 ccaf924377f9 Downloading 6.291MB
 31ebfac6a7e4 Downloading 4.194MB
 d69986eb8045 Downloading 2.097MB
 d69986eb8045 Downloading 3.146MB
 ccaf924377f9 Downloading 7.34MB
 31ebfac6a7e4 Downloading 4.194MB
 31ebfac6a7e4 Downloading 4.194MB
 d69986eb8045 Downloading 3.146MB
 ccaf924377f9 Downloading 7.34MB
 31ebfac6a7e4 Downloading 5.243MB
 d69986eb8045 Downloading 3.146MB
 ccaf924377f9 Downloading 7.34MB
 31ebfac6a7e4 Downloading 6.291MB
 d69986eb8045 Downloading 4.194MB
 ccaf924377f9 Downloading 8.389MB
 31ebfac6a7e4 Downloading 6.291MB
 d69986eb8045 Downloading 4.194MB
 ccaf924377f9 Downloading 8.389MB
 31ebfac6a7e4 Downloading 7.34MB
 d69986eb8045 Downloading 5.243MB
 ccaf924377f9 Downloading 8.389MB
 31ebfac6a7e4 Downloading 8.389MB
 d69986eb8045 Downloading 5.243MB
 ccaf924377f9 Downloading 8.389MB
 ccaf924377f9 Downloading 9.437MB
 31ebfac6a7e4 Downloading 8.389MB
 d69986eb8045 Downloading 5.243MB
 ccaf924377f9 Downloading 9.437MB
 31ebfac6a7e4 Downloading 9.437MB
 d69986eb8045 Downloading 6.291MB
 31ebfac6a7e4 Downloading 9.437MB
 d69986eb8045 Downloading 6.291MB
 ccaf924377f9 Downloading 9.437MB
 d69986eb8045 Downloading 6.291MB
 ccaf924377f9 Downloading 9.437MB
 31ebfac6a7e4 Downloading 10.49MB
 31ebfac6a7e4 Downloading 10.49MB
 d69986eb8045 Downloading 7.34MB
 ccaf924377f9 Downloading 9.437MB
 31ebfac6a7e4 Downloading 10.49MB
 d69986eb8045 Downloading 7.34MB
 ccaf924377f9 Downloading 10.49MB
 d69986eb8045 Downloading 7.34MB
 ccaf924377f9 Downloading 10.49MB
 31ebfac6a7e4 Downloading 11.53MB
 ccaf924377f9 Downloading 10.49MB
 31ebfac6a7e4 Downloading 11.53MB
 d69986eb8045 Download complete 0B
 31ebfac6a7e4 Downloading 12.58MB
 ccaf924377f9 Downloading 10.49MB
 31ebfac6a7e4 Downloading 12.58MB
 ccaf924377f9 Downloading 10.49MB
 ccaf924377f9 Downloading 11.53MB
 31ebfac6a7e4 Downloading 13.63MB
 ccaf924377f9 Downloading 11.53MB
 31ebfac6a7e4 Downloading 14.68MB
 31ebfac6a7e4 Downloading 14.68MB
 ccaf924377f9 Downloading 11.53MB
 31ebfac6a7e4 Downloading 14.68MB
 ccaf924377f9 Downloading 11.53MB
 31ebfac6a7e4 Downloading 15.73MB
 ccaf924377f9 Downloading 11.53MB
 31ebfac6a7e4 Downloading 15.73MB
 ccaf924377f9 Downloading 11.53MB
 31ebfac6a7e4 Downloading 16.78MB
 ccaf924377f9 Downloading 12.58MB
 31ebfac6a7e4 Downloading 16.78MB
 ccaf924377f9 Downloading 12.58MB
 31ebfac6a7e4 Downloading 17.83MB
 ccaf924377f9 Downloading 12.58MB
 31ebfac6a7e4 Downloading 18.87MB
 ccaf924377f9 Downloading 13.63MB
 31ebfac6a7e4 Downloading 19.92MB
 ccaf924377f9 Downloading 13.63MB
 31ebfac6a7e4 Downloading 19.92MB
 ccaf924377f9 Downloading 13.63MB
 31ebfac6a7e4 Downloading 20.97MB
 ccaf924377f9 Downloading 13.63MB
 31ebfac6a7e4 Downloading 22.02MB
 ccaf924377f9 Downloading 13.63MB
 31ebfac6a7e4 Downloading 22.02MB
 ccaf924377f9 Downloading 14.68MB
 31ebfac6a7e4 Downloading 23.07MB
 ccaf924377f9 Downloading 14.68MB
 31ebfac6a7e4 Downloading 24.12MB
 ccaf924377f9 Downloading 14.68MB
 31ebfac6a7e4 Downloading 24.12MB
 ccaf924377f9 Downloading 15.73MB
 31ebfac6a7e4 Downloading 25.17MB
 ccaf924377f9 Downloading 15.73MB
 31ebfac6a7e4 Downloading 26.21MB
 ccaf924377f9 Downloading 15.73MB
 ccaf924377f9 Downloading 16.78MB
 31ebfac6a7e4 Downloading 26.21MB
 31ebfac6a7e4 Downloading 27.26MB
 ccaf924377f9 Downloading 16.78MB
 31ebfac6a7e4 Downloading 28.31MB
 ccaf924377f9 Downloading 16.78MB
 31ebfac6a7e4 Downloading 29.36MB
 ccaf924377f9 Downloading 17.83MB
 31ebfac6a7e4 Downloading 29.36MB
 ccaf924377f9 Downloading 17.83MB
 ccaf924377f9 Downloading 17.83MB
 31ebfac6a7e4 Downloading 30.41MB
 31ebfac6a7e4 Downloading 30.41MB
 ccaf924377f9 Downloading 17.83MB
 31ebfac6a7e4 Downloading 31.46MB
 ccaf924377f9 Downloading 18.87MB
 31ebfac6a7e4 Downloading 32.51MB
 ccaf924377f9 Downloading 18.87MB
 31ebfac6a7e4 Downloading 33.55MB
 ccaf924377f9 Downloading 19.92MB
 ccaf924377f9 Downloading 19.92MB
 31ebfac6a7e4 Downloading 34.6MB
 31ebfac6a7e4 Downloading 35.65MB
 ccaf924377f9 Downloading 19.92MB
 31ebfac6a7e4 Downloading 36.7MB
 ccaf924377f9 Downloading 20.97MB
 31ebfac6a7e4 Downloading 36.7MB
 ccaf924377f9 Downloading 20.97MB
 31ebfac6a7e4 Downloading 37.75MB
 ccaf924377f9 Downloading 22.02MB
 31ebfac6a7e4 Downloading 38.8MB
 ccaf924377f9 Downloading 22.02MB
 31ebfac6a7e4 Downloading 39.85MB
 ccaf924377f9 Downloading 22.02MB
 31ebfac6a7e4 Downloading 40.89MB
 ccaf924377f9 Downloading 23.07MB
 31ebfac6a7e4 Downloading 40.89MB
 ccaf924377f9 Downloading 23.07MB
 31ebfac6a7e4 Downloading 41.94MB
 ccaf924377f9 Downloading 24.12MB
 ccaf924377f9 Downloading 24.12MB
 31ebfac6a7e4 Downloading 42.99MB
 31ebfac6a7e4 Downloading 44.04MB
 ccaf924377f9 Downloading 24.12MB
 31ebfac6a7e4 Downloading 45.09MB
 ccaf924377f9 Downloading 25.17MB
 31ebfac6a7e4 Downloading 46.14MB
 ccaf924377f9 Downloading 25.17MB
 31ebfac6a7e4 Downloading 47.19MB
 ccaf924377f9 Downloading 26.21MB
 31ebfac6a7e4 Downloading 48.23MB
 ccaf924377f9 Downloading 26.21MB
 31ebfac6a7e4 Downloading 49.28MB
 ccaf924377f9 Downloading 27.26MB
 31ebfac6a7e4 Downloading 50.33MB
 ccaf924377f9 Downloading 27.26MB
 31ebfac6a7e4 Downloading 51.38MB
 ccaf924377f9 Downloading 28.31MB
 ccaf924377f9 Downloading 28.31MB
 31ebfac6a7e4 Downloading 52.43MB
 ccaf924377f9 Downloading 29.36MB
 31ebfac6a7e4 Downloading 53.48MB
 31ebfac6a7e4 Downloading 53.48MB
 ccaf924377f9 Downloading 29.36MB
 31ebfac6a7e4 Downloading 55.57MB
 ccaf924377f9 Download complete 0B
 ccaf924377f9 Extracting 1B
 31ebfac6a7e4 Downloading 56.62MB
 ccaf924377f9 Extracting 1B
 31ebfac6a7e4 Downloading 57.67MB
 ccaf924377f9 Extracting 1B
 31ebfac6a7e4 Downloading 57.67MB
 ccaf924377f9 Extracting 1B
 31ebfac6a7e4 Downloading 58.72MB
 ccaf924377f9 Extracting 1B
 31ebfac6a7e4 Downloading 58.72MB
 ccaf924377f9 Extracting 1B
 31ebfac6a7e4 Downloading 59.77MB
 ccaf924377f9 Extracting 1B
 31ebfac6a7e4 Downloading 60.82MB
 ccaf924377f9 Extracting 1B
 31ebfac6a7e4 Downloading 60.82MB
 b5aa47e670ee Pull complete 0B
 5f670081fa7e Extracting 1B
 ccaf924377f9 Pull complete 0B
 31ebfac6a7e4 Downloading 60.82MB
 2dc58dd2649a Pull complete 0B
 5f670081fa7e Pull complete 0B
 d69986eb8045 Extracting 1B
 31ebfac6a7e4 Downloading 60.82MB
 d69986eb8045 Extracting 1B
 31ebfac6a7e4 Downloading 60.82MB
 caa8cd03273b Extracting 1B
 d69986eb8045 Pull complete 0B
 31ebfac6a7e4 Downloading 60.82MB
 2fe3548f753c Pull complete 0B
 b6fff00c1baa Pull complete 0B
 caa8cd03273b Pull complete 0B
 31ebfac6a7e4 Downloading 63.96MB
 31ebfac6a7e4 Downloading 65.01MB
 31ebfac6a7e4 Downloading 66.06MB
 31ebfac6a7e4 Downloading 67.11MB
 31ebfac6a7e4 Downloading 68.16MB
 31ebfac6a7e4 Downloading 69.21MB
 31ebfac6a7e4 Downloading 70.25MB
 31ebfac6a7e4 Downloading 71.3MB
 31ebfac6a7e4 Downloading 72.35MB
 31ebfac6a7e4 Downloading 73.4MB
 31ebfac6a7e4 Downloading 74.45MB
 31ebfac6a7e4 Downloading 75.5MB
 31ebfac6a7e4 Downloading 75.5MB
 31ebfac6a7e4 Downloading 76.55MB
 31ebfac6a7e4 Downloading 77.59MB
 31ebfac6a7e4 Downloading 78.64MB
 31ebfac6a7e4 Downloading 79.69MB
 31ebfac6a7e4 Downloading 80.74MB
 31ebfac6a7e4 Downloading 81.79MB
 31ebfac6a7e4 Downloading 81.79MB
 31ebfac6a7e4 Downloading 81.79MB
 31ebfac6a7e4 Downloading 81.79MB
 31ebfac6a7e4 Downloading 81.79MB
 31ebfac6a7e4 Downloading 81.79MB
 31ebfac6a7e4 Downloading 81.79MB
 31ebfac6a7e4 Downloading 84.93MB
 31ebfac6a7e4 Downloading 85.98MB
 31ebfac6a7e4 Downloading 87.03MB
 31ebfac6a7e4 Downloading 87.03MB
 31ebfac6a7e4 Downloading 87.03MB
 31ebfac6a7e4 Downloading 89.13MB
 31ebfac6a7e4 Downloading 89.13MB
 31ebfac6a7e4 Downloading 90.18MB
 31ebfac6a7e4 Downloading 90.18MB
 31ebfac6a7e4 Downloading 92.27MB
 31ebfac6a7e4 Downloading 93.32MB
 31ebfac6a7e4 Downloading 94.37MB
 31ebfac6a7e4 Downloading 95.42MB
 31ebfac6a7e4 Downloading 96.47MB
 31ebfac6a7e4 Downloading 97.52MB
 31ebfac6a7e4 Downloading 98.57MB
 31ebfac6a7e4 Downloading 100.7MB
 31ebfac6a7e4 Downloading 101.7MB
 31ebfac6a7e4 Download complete 0B
 31ebfac6a7e4 Extracting 1B
 31ebfac6a7e4 Extracting 1B
 31ebfac6a7e4 Extracting 1B
 31ebfac6a7e4 Extracting 1B
 31ebfac6a7e4 Extracting 1B
 31ebfac6a7e4 Extracting 1B
 31ebfac6a7e4 Extracting 1B
 31ebfac6a7e4 Extracting 1B
 31ebfac6a7e4 Extracting 1B
 31ebfac6a7e4 Extracting 1B
 31ebfac6a7e4 Pull complete 0B
 68ac837ff0fd Pull complete 0B
 c6f3566d0abd Pull complete 0B
 ccbab899da1f Pull complete 0B
 cf60a58b1fbb Pull complete 0B
 770e7a069d10 Pull complete 0B
 Image postgres:15-bullseye Pulled 
 Network algo_test_software_algotest-network Creating 
 Network algo_test_software_algotest-network Created 
 Volume algo_test_software_pgdata Creating 
 Volume algo_test_software_pgdata Created 
 Container algotest-postgres Creating 
 Container algotest-postgres Created 
 Container algotest-postgres Starting 
 Container algotest-postgres Started 
[2026-06-01 09:24:15] Waiting for postgres to accept connections (up to ~5 min)...
[2026-06-01 09:24:15] Waiting for postgres to accept connections (up to ~5 min)...
[2026-06-01 09:24:25] postgres ready after ~20s
[2026-06-01 09:24:25] postgres ready after ~20s
[2026-06-01 09:24:25] === STEP 2: restoring PostgreSQL database ===
[2026-06-01 09:24:25] === STEP 2: restoring PostgreSQL database ===
[2026-06-01 09:24:25] Restoring from /home/aff34/Downloads/algo_backup/pgdump.sql.gz (2.9GB; 10-30 min)...
[2026-06-01 09:24:25] Restoring from /home/aff34/Downloads/algo_backup/pgdump.sql.gz (2.9GB; 10-30 min)...
[2026-06-01 09:36:01] DB restore finished (rc=0). Tail of db_restore.log:
[2026-06-01 09:36:01] DB restore finished (rc=0). Tail of db_restore.log:
CREATE INDEX
CREATE INDEX
CREATE INDEX
CREATE INDEX
CREATE INDEX
CREATE INDEX
CREATE INDEX
CREATE INDEX
[2026-06-01 09:36:09] option_data now has 180518046 rows.
[2026-06-01 09:36:09] option_data now has 180518046 rows.
[2026-06-01 09:36:09] === STEP 3: restoring algo_cache volume (algo_test_software_algo_cache) ===
[2026-06-01 09:36:09] === STEP 3: restoring algo_cache volume (algo_test_software_algo_cache) ===
[2026-06-01 09:36:10] Extracting algo_cache.tar.gz into volume...
[2026-06-01 09:36:10] Extracting algo_cache.tar.gz into volume...
[2026-06-01 09:36:32] algo_cache restore done.
[2026-06-01 09:36:32] algo_cache restore done.
[2026-06-01 09:36:32] === STEP 4: building & starting all containers (first build ~10-15 min) ===
[2026-06-01 09:36:32] === STEP 4: building & starting all containers (first build ~10-15 min) ===
 Image mcuadros/ofelia:latest Pulling 
 Image algotest-backend-app:latest Pulling 
 Image algotest-backend-app:latest Pulling 
 Image algotest-backend-app:latest Pulling 
 Image algotest-backend-app:latest Pulling 
 Image redis:7-bullseye Pulling 
 Image algotest-backend-app:latest Pulling 
 Image algotest-backend-app:latest Error pull access denied for algotest-backend-app, repository does not exist or may require 'docker login'
 Image algotest-backend-app:latest Error pull access denied for algotest-backend-app, repository does not exist or may require 'docker login'
 Image algotest-backend-app:latest Error pull access denied for algotest-backend-app, repository does not exist or may require 'docker login'
 Image algotest-backend-app:latest Error pull access denied for algotest-backend-app, repository does not exist or may require 'docker login'
 Image algotest-backend-app:latest Error pull access denied for algotest-backend-app, repository does not exist or may require 'docker login'
 d943febfd435 Pulling fs layer 0B
 0705c505f99b Pulling fs layer 0B
 759700526b78 Pulling fs layer 0B
 12e7d88aa422 Pulling fs layer 0B
 8f4ed3de3123 Pulling fs layer 0B
 eb5c5a6a60f0 Pulling fs layer 0B
 0705c505f99b Download complete 0B
 d943febfd435 Download complete 0B
 eb5c5a6a60f0 Download complete 0B
 8f4ed3de3123 Downloading 1.049MB
 8f4ed3de3123 Downloading 1.049MB
 8f4ed3de3123 Downloading 1.049MB
 8f4ed3de3123 Downloading 2.097MB
 8f4ed3de3123 Downloading 2.097MB
 8f4ed3de3123 Downloading 2.097MB
 589002ba0eae Pulling fs layer 0B
 57ae55460bb6 Pulling fs layer 0B
 af500f0e6369 Pulling fs layer 0B
 8f4ed3de3123 Downloading 3.146MB
 759700526b78 Downloading 1.049MB
 8f4ed3de3123 Downloading 3.146MB
 12e7d88aa422 Downloading 1.049MB
 8f4ed3de3123 Downloading 4.194MB
 12e7d88aa422 Downloading 1.049MB
 759700526b78 Downloading 1.049MB
 759700526b78 Downloading 1.049MB
 8f4ed3de3123 Downloading 4.194MB
 12e7d88aa422 Downloading 1.049MB
 759700526b78 Downloading 1.049MB
 8f4ed3de3123 Downloading 4.194MB
 12e7d88aa422 Downloading 1.049MB
 759700526b78 Downloading 1.049MB
 8f4ed3de3123 Downloading 4.194MB
 12e7d88aa422 Downloading 1.049MB
 759700526b78 Downloading 1.049MB
 8f4ed3de3123 Downloading 5.243MB
 12e7d88aa422 Download complete 0B
 759700526b78 Downloading 1.049MB
 8f4ed3de3123 Downloading 5.243MB
 759700526b78 Downloading 1.049MB
 8f4ed3de3123 Downloading 5.243MB
 759700526b78 Downloading 1.049MB
 8f4ed3de3123 Downloading 6.291MB
 a1afcada0fb0 Download complete 0B
 759700526b78 Downloading 1.049MB
 8f4ed3de3123 Downloading 6.291MB
 759700526b78 Downloading 2.097MB
 8f4ed3de3123 Downloading 7.34MB
 759700526b78 Downloading 2.097MB
 8f4ed3de3123 Downloading 7.34MB
 759700526b78 Downloading 2.097MB
 8f4ed3de3123 Downloading 7.34MB
 759700526b78 Downloading 2.097MB
 8f4ed3de3123 Downloading 8.389MB
 759700526b78 Downloading 2.097MB
 8f4ed3de3123 Downloading 8.389MB
 759700526b78 Downloading 2.097MB
 8f4ed3de3123 Download complete 0B
 759700526b78 Downloading 2.097MB
 759700526b78 Downloading 2.097MB
 759700526b78 Downloading 2.097MB
 af500f0e6369 Download complete 0B
 759700526b78 Downloading 3.146MB
 759700526b78 Downloading 3.146MB
 759700526b78 Downloading 3.146MB
 759700526b78 Downloading 3.146MB
 759700526b78 Downloading 3.146MB
 759700526b78 Downloading 3.146MB
 759700526b78 Downloading 3.146MB
 589002ba0eae Downloading 1.049MB
 759700526b78 Downloading 3.146MB
 589002ba0eae Downloading 1.049MB
 759700526b78 Downloading 3.146MB
 589002ba0eae Downloading 1.049MB
 759700526b78 Downloading 4.194MB
 589002ba0eae Downloading 1.049MB
 759700526b78 Downloading 4.194MB
 589002ba0eae Downloading 1.049MB
 57ae55460bb6 Downloading 1.049MB
 759700526b78 Downloading 4.194MB
 589002ba0eae Downloading 2.097MB
 57ae55460bb6 Downloading 1.049MB
 759700526b78 Downloading 4.194MB
 589002ba0eae Downloading 2.097MB
 57ae55460bb6 Downloading 1.049MB
 759700526b78 Downloading 4.194MB
 589002ba0eae Downloading 2.097MB
 57ae55460bb6 Downloading 1.049MB
 759700526b78 Downloading 4.194MB
 589002ba0eae Downloading 3.146MB
 57ae55460bb6 Downloading 1.049MB
 759700526b78 Downloading 4.194MB
 589002ba0eae Downloading 3.146MB
 57ae55460bb6 Downloading 1.049MB
 759700526b78 Downloading 5.243MB
 57ae55460bb6 Downloading 1.049MB
 589002ba0eae Downloading 3.146MB
 759700526b78 Downloading 5.243MB
 589002ba0eae Downloading 3.146MB
 57ae55460bb6 Downloading 1.049MB
 759700526b78 Downloading 5.243MB
 589002ba0eae Download complete 0B
 57ae55460bb6 Downloading 1.049MB
 759700526b78 Downloading 5.243MB
 589002ba0eae Extracting 1B
 57ae55460bb6 Downloading 1.049MB
 af500f0e6369 Extracting 1B
 589002ba0eae Pull complete 0B
 759700526b78 Downloading 5.243MB
 57ae55460bb6 Downloading 1.049MB
 759700526b78 Downloading 5.243MB
 af500f0e6369 Extracting 1B
 57ae55460bb6 Downloading 2.097MB
 af500f0e6369 Pull complete 0B
 759700526b78 Downloading 5.243MB
 57ae55460bb6 Downloading 2.097MB
 759700526b78 Downloading 6.291MB
 57ae55460bb6 Downloading 2.097MB
 759700526b78 Downloading 6.291MB
 57ae55460bb6 Downloading 2.097MB
 759700526b78 Downloading 6.291MB
 57ae55460bb6 Downloading 2.097MB
 759700526b78 Downloading 6.291MB
 57ae55460bb6 Downloading 2.097MB
 759700526b78 Downloading 6.291MB
 57ae55460bb6 Downloading 2.097MB
 759700526b78 Downloading 7.34MB
 57ae55460bb6 Downloading 3.146MB
 759700526b78 Downloading 7.34MB
 57ae55460bb6 Downloading 3.146MB
 759700526b78 Downloading 7.34MB
 57ae55460bb6 Downloading 3.146MB
 759700526b78 Downloading 7.34MB
 57ae55460bb6 Downloading 3.146MB
 759700526b78 Downloading 7.34MB
 57ae55460bb6 Downloading 3.146MB
 759700526b78 Downloading 8.389MB
 57ae55460bb6 Downloading 3.146MB
 759700526b78 Downloading 8.389MB
 57ae55460bb6 Downloading 4.194MB
 759700526b78 Downloading 8.389MB
 57ae55460bb6 Downloading 4.194MB
 759700526b78 Downloading 9.437MB
 57ae55460bb6 Downloading 4.194MB
 759700526b78 Downloading 9.437MB
 57ae55460bb6 Downloading 4.194MB
 759700526b78 Downloading 9.437MB
 57ae55460bb6 Downloading 5.243MB
 759700526b78 Downloading 9.437MB
 57ae55460bb6 Downloading 5.243MB
 759700526b78 Downloading 10.49MB
 57ae55460bb6 Downloading 5.243MB
 759700526b78 Downloading 10.49MB
 57ae55460bb6 Downloading 5.243MB
 759700526b78 Downloading 10.49MB
 57ae55460bb6 Downloading 6.291MB
 759700526b78 Downloading 11.53MB
 57ae55460bb6 Downloading 6.291MB
 759700526b78 Downloading 11.53MB
 57ae55460bb6 Downloading 6.291MB
 759700526b78 Downloading 12.58MB
 57ae55460bb6 Downloading 6.291MB
 759700526b78 Downloading 12.58MB
 57ae55460bb6 Downloading 7.34MB
 759700526b78 Downloading 12.58MB
 57ae55460bb6 Downloading 7.34MB
 759700526b78 Downloading 13.63MB
 57ae55460bb6 Download complete 0B
 57ae55460bb6 Extracting 1B
 759700526b78 Downloading 13.63MB
 57ae55460bb6 Pull complete 0B
 Image mcuadros/ofelia:latest Pulled 
 759700526b78 Downloading 14.68MB
 759700526b78 Downloading 14.68MB
 759700526b78 Downloading 15.73MB
 759700526b78 Downloading 15.73MB
 759700526b78 Downloading 16.78MB
 759700526b78 Downloading 16.78MB
 759700526b78 Downloading 17.83MB
 759700526b78 Downloading 17.83MB
 759700526b78 Downloading 18.87MB
 759700526b78 Downloading 18.87MB
 759700526b78 Downloading 19.92MB
 759700526b78 Downloading 20.97MB
 759700526b78 Downloading 20.97MB
 759700526b78 Downloading 22.02MB
 759700526b78 Downloading 23.07MB
 759700526b78 Downloading 23.07MB
 759700526b78 Downloading 24.12MB
 759700526b78 Downloading 25.17MB
 759700526b78 Downloading 26.21MB
 759700526b78 Downloading 27.26MB
 759700526b78 Downloading 28.31MB
 759700526b78 Downloading 28.31MB
 759700526b78 Downloading 29.36MB
 759700526b78 Downloading 30.41MB
 759700526b78 Download complete 0B
 759700526b78 Extracting 1B
 759700526b78 Extracting 1B
 759700526b78 Extracting 1B
 759700526b78 Extracting 1B
 759700526b78 Extracting 1B
 759700526b78 Extracting 1B
 eb5c5a6a60f0 Pull complete 0B
 12e7d88aa422 Extracting 1B
 759700526b78 Pull complete 0B
 12e7d88aa422 Pull complete 0B
 0705c505f99b Pull complete 0B
 d943febfd435 Pull complete 0B
 8f4ed3de3123 Pull complete 0B
 Image redis:7-bullseye Pulled 
 Image algo_test_software-frontend Building 
 Image algotest-backend-app:latest Building 
 Image algo_test_software-intraday-api Building 
#1 [internal] load local bake definitions
#1 reading from stdin 1.73kB done
#1 DONE 0.0s

#2 [intraday-api internal] load build definition from Dockerfile
#2 transferring dockerfile: 1.25kB done
#2 DONE 0.1s

#3 [frontend internal] load build definition from Dockerfile
#3 transferring dockerfile: 733B done
#3 DONE 0.1s

#4 [backend internal] load build definition from Dockerfile
#4 transferring dockerfile: 515B done
#4 DONE 0.1s

#5 [frontend internal] load metadata for docker.io/library/nginx:1.25-alpine
#5 ...

#6 [intraday-api] resolve image config for docker-image://docker.io/docker/dockerfile:1.6
#6 DONE 3.6s

#5 [frontend internal] load metadata for docker.io/library/nginx:1.25-alpine
#5 DONE 3.6s

#7 [frontend internal] load .dockerignore
#7 transferring context: 125B done
#7 DONE 0.0s

#8 [backend] resolve image config for docker-image://docker.io/docker/dockerfile:1
#8 DONE 3.7s

#9 [frontend internal] load build context
#9 transferring context: 173.52kB 0.0s done
#9 DONE 0.1s

#10 [frontend 1/4] FROM docker.io/library/nginx:1.25-alpine@sha256:516475cc129da42866742567714ddc681e5eed7b9ee0b9e9c015e464b4221a00
#10 resolve docker.io/library/nginx:1.25-alpine@sha256:516475cc129da42866742567714ddc681e5eed7b9ee0b9e9c015e464b4221a00 0.0s done
#10 DONE 0.2s

#11 [backend] docker-image://docker.io/docker/dockerfile:1@sha256:87999aa3d42bdc6bea60565083ee17e86d1f3339802f543c0d03998580f9cb89
#11 resolve docker.io/docker/dockerfile:1@sha256:87999aa3d42bdc6bea60565083ee17e86d1f3339802f543c0d03998580f9cb89 0.0s done
#11 sha256:50ba52cd6a2c01eaf1a9efbedc7c75b5da5e3965c1586001c722980487a73fd7 0B / 14.36MB 0.2s
#11 sha256:50ba52cd6a2c01eaf1a9efbedc7c75b5da5e3965c1586001c722980487a73fd7 1.05MB / 14.36MB 1.1s
#11 sha256:50ba52cd6a2c01eaf1a9efbedc7c75b5da5e3965c1586001c722980487a73fd7 2.10MB / 14.36MB 1.2s
#11 sha256:50ba52cd6a2c01eaf1a9efbedc7c75b5da5e3965c1586001c722980487a73fd7 3.15MB / 14.36MB 1.5s
#11 sha256:50ba52cd6a2c01eaf1a9efbedc7c75b5da5e3965c1586001c722980487a73fd7 5.24MB / 14.36MB 2.0s
#11 sha256:50ba52cd6a2c01eaf1a9efbedc7c75b5da5e3965c1586001c722980487a73fd7 6.29MB / 14.36MB 2.1s
#11 sha256:50ba52cd6a2c01eaf1a9efbedc7c75b5da5e3965c1586001c722980487a73fd7 7.34MB / 14.36MB 2.3s
#11 sha256:50ba52cd6a2c01eaf1a9efbedc7c75b5da5e3965c1586001c722980487a73fd7 8.39MB / 14.36MB 2.6s
#11 sha256:50ba52cd6a2c01eaf1a9efbedc7c75b5da5e3965c1586001c722980487a73fd7 9.44MB / 14.36MB 2.7s
#11 sha256:50ba52cd6a2c01eaf1a9efbedc7c75b5da5e3965c1586001c722980487a73fd7 11.53MB / 14.36MB 3.0s
#11 sha256:50ba52cd6a2c01eaf1a9efbedc7c75b5da5e3965c1586001c722980487a73fd7 12.58MB / 14.36MB 3.2s
#11 sha256:50ba52cd6a2c01eaf1a9efbedc7c75b5da5e3965c1586001c722980487a73fd7 14.36MB / 14.36MB 3.5s done
#11 DONE 3.6s

#10 [frontend 1/4] FROM docker.io/library/nginx:1.25-alpine@sha256:516475cc129da42866742567714ddc681e5eed7b9ee0b9e9c015e464b4221a00
#10 sha256:0d0c16747d2c6b6c26c064652afcb964c15f1b1e596ec052b2aa19b83948ae27 13.04MB / 13.04MB 2.3s done
#10 sha256:8a3742a9529dc5c00974dfcf5e465be9f1606ff8a1911527b3928cf86ad57465 1.40kB / 1.40kB 0.8s done
#10 sha256:5406ed7b06d9a94b5bd15843d2a1c7e38796a3ec5dc7f40f16f70cc1d045f453 1.21kB / 1.21kB 0.5s done
#10 sha256:d4bca490e609acaaf54ca73363442d31a31fd136a47a20a12370cf2025f0a10b 393B / 393B 0.5s done
#10 sha256:13fcfbc94648785b918ecc1af675ac5187cdfc30f4fdaf9afa8bd2e9dedf548b 954B / 954B 0.5s done
#10 sha256:e6ef242c157026935bf8a69e6cf19f8f6635e44507c813daf0cc644f2e22396b 629B / 629B 0.5s done
#10 sha256:fc21a1d387f514f53589abea6d67cd6b329dfd3c9059bc96a552af3b3c97b413 1.05MB / 3.99MB 0.9s
#10 sha256:4abcf20661432fb2d719aaf90656f55c287f8ca915dc1c92ec14ff61e67fbaf8 0B / 3.41MB 0.5s
#10 ...

#11 [backend] docker-image://docker.io/docker/dockerfile:1@sha256:87999aa3d42bdc6bea60565083ee17e86d1f3339802f543c0d03998580f9cb89
#11 extracting sha256:50ba52cd6a2c01eaf1a9efbedc7c75b5da5e3965c1586001c722980487a73fd7 0.1s done
#11 DONE 3.7s

#10 [frontend 1/4] FROM docker.io/library/nginx:1.25-alpine@sha256:516475cc129da42866742567714ddc681e5eed7b9ee0b9e9c015e464b4221a00
#10 sha256:fc21a1d387f514f53589abea6d67cd6b329dfd3c9059bc96a552af3b3c97b413 3.99MB / 3.99MB 1.2s done
#10 sha256:4abcf20661432fb2d719aaf90656f55c287f8ca915dc1c92ec14ff61e67fbaf8 1.05MB / 3.41MB 1.2s
#10 sha256:4abcf20661432fb2d719aaf90656f55c287f8ca915dc1c92ec14ff61e67fbaf8 2.10MB / 3.41MB 1.7s
#10 sha256:4abcf20661432fb2d719aaf90656f55c287f8ca915dc1c92ec14ff61e67fbaf8 3.41MB / 3.41MB 1.9s done
#10 extracting sha256:4abcf20661432fb2d719aaf90656f55c287f8ca915dc1c92ec14ff61e67fbaf8 0.1s done
#10 DONE 5.1s

#12 [intraday-api] docker-image://docker.io/docker/dockerfile:1.6@sha256:ac85f380a63b13dfcefa89046420e1781752bab202122f8f50032edf31be0021
#12 resolve docker.io/docker/dockerfile:1.6@sha256:ac85f380a63b13dfcefa89046420e1781752bab202122f8f50032edf31be0021 0.0s done
#12 sha256:9d9c93f4b00be908ab694a4df732570bced3b8a96b7515d70ff93402179ad232 10.49MB / 11.80MB 5.0s
#12 sha256:9d9c93f4b00be908ab694a4df732570bced3b8a96b7515d70ff93402179ad232 11.80MB / 11.80MB 5.1s done
#12 extracting sha256:9d9c93f4b00be908ab694a4df732570bced3b8a96b7515d70ff93402179ad232 0.1s done
#12 DONE 5.2s

#10 [frontend 1/4] FROM docker.io/library/nginx:1.25-alpine@sha256:516475cc129da42866742567714ddc681e5eed7b9ee0b9e9c015e464b4221a00
#10 extracting sha256:fc21a1d387f514f53589abea6d67cd6b329dfd3c9059bc96a552af3b3c97b413 0.1s done
#10 extracting sha256:e6ef242c157026935bf8a69e6cf19f8f6635e44507c813daf0cc644f2e22396b
#10 ...

#13 [backend internal] load metadata for docker.io/library/algo-backend-base:latest
#13 ERROR: pull access denied, repository does not exist or may require authorization: server message: insufficient_scope: authorization failed

#10 [frontend 1/4] FROM docker.io/library/nginx:1.25-alpine@sha256:516475cc129da42866742567714ddc681e5eed7b9ee0b9e9c015e464b4221a00
#10 extracting sha256:e6ef242c157026935bf8a69e6cf19f8f6635e44507c813daf0cc644f2e22396b 0.0s done
#10 extracting sha256:13fcfbc94648785b918ecc1af675ac5187cdfc30f4fdaf9afa8bd2e9dedf548b 0.0s done
#10 extracting sha256:d4bca490e609acaaf54ca73363442d31a31fd136a47a20a12370cf2025f0a10b 0.0s done
#10 extracting sha256:5406ed7b06d9a94b5bd15843d2a1c7e38796a3ec5dc7f40f16f70cc1d045f453 0.0s done
#10 extracting sha256:8a3742a9529dc5c00974dfcf5e465be9f1606ff8a1911527b3928cf86ad57465 0.0s done
#10 extracting sha256:0d0c16747d2c6b6c26c064652afcb964c15f1b1e596ec052b2aa19b83948ae27
#10 extracting sha256:0d0c16747d2c6b6c26c064652afcb964c15f1b1e596ec052b2aa19b83948ae27 0.2s done
#10 DONE 5.5s

#14 [intraday-api internal] load metadata for docker.io/library/debian:bookworm-slim
#14 CANCELED

#15 [intraday-api internal] load metadata for docker.io/library/rust:1.95-slim
#15 CANCELED

#16 [frontend 2/4] RUN rm -rf /usr/share/nginx/html/*
#16 0.349 runc run failed: container process is already dead
#16 CANCELED
------
 > [backend internal] load metadata for docker.io/library/algo-backend-base:latest:
------
Dockerfile:5

--------------------

   3 |     # Rebuilds in seconds for Python-only changes.

   4 |     # Deps (Rust + pip) live in algo-backend-base — rebuilt by start.sh only when native/ or requirements.txt changes.

   5 | >>> FROM algo-backend-base:latest

   6 |     

   7 |     COPY --chown=appuser:appuser . .

--------------------

target backend: failed to solve: pull access denied, repository does not exist or may require authorization: server message: insufficient_scope: authorization failed

[2026-06-01 09:37:01] compose up returned rc=1.
[2026-06-01 09:37:01] compose up returned rc=1.
[2026-06-01 09:37:01] === STEP 5: waiting for backend /health ===
[2026-06-01 09:37:01] === STEP 5: waiting for backend /health ===
